[      63ms] [ERROR] Derived error in SuspenseErrorBoundary:
 Error: Minified React error #418; visit https://reactjs.org/docs/error-decoder.html?invariant=418 for the full message or use the non-minified dev environment for full errors and additional helpful warnings.
    at Zh (https://framerusercontent.com/sites/3qj9pd0NmnsAtRanWBtHBG/chunk-C2QFHHHH.mjs:14:4801)
    at pS (https://framerusercontent.com/sites/3qj9pd0NmnsAtRanWBtHBG/chunk-C2QFHHHH.mjs:16:6907)
    at IS (https://framerusercontent.com/sites/3qj9pd0NmnsAtRanWBtHBG/chunk-C2QFHHHH.mjs:16:45691)
    at FS (https://framerusercontent.com/sites/3qj9pd0NmnsAtRanWBtHBG/chunk-C2QFHHHH.mjs:16:39691)
    at iM (https://framerusercontent.com/sites/3qj9pd0NmnsAtRanWBtHBG/chunk-C2QFHHHH.mjs:16:39663)
    at TS (https://framerusercontent.com/sites/3qj9pd0NmnsAtRanWBtHBG/chunk-C2QFHHHH.mjs:16:34665)
    at Jd (https://framerusercontent.com/sites/3qj9pd0NmnsAtRanWBtHBG/chunk-C2QFHHHH.mjs:9:21489)
    at MessagePort.Xd (https://framerusercontent.com/sites/3qj9pd0NmnsAtRanWBtHBG/chunk-C2QFHHHH.mjs:9:21883) @ https://framerusercontent.com/sites/3qj9pd0NmnsAtRanWBtHBG/chunk-C2QFHHHH.mjs:719
[      99ms] [WARNING] Recoverable error during hydration. Please check any custom code or code overrides to fix server/client mismatches:
 Error: Minified React error #418; visit https://reactjs.org/docs/error-decoder.html?invariant=418 for the full message or use the non-minified dev environment for full errors and additional helpful warnings.
    at Zh (https://framerusercontent.com/sites/3qj9pd0NmnsAtRanWBtHBG/chunk-C2QFHHHH.mjs:14:4801)
    at pS (https://framerusercontent.com/sites/3qj9pd0NmnsAtRanWBtHBG/chunk-C2QFHHHH.mjs:16:6907)
    at IS (https://framerusercontent.com/sites/3qj9pd0NmnsAtRanWBtHBG/chunk-C2QFHHHH.mjs:16:45691)
    at FS (https://framerusercontent.com/sites/3qj9pd0NmnsAtRanWBtHBG/chunk-C2QFHHHH.mjs:16:39691)
    at iM (https://framerusercontent.com/sites/3qj9pd0NmnsAtRanWBtHBG/chunk-C2QFHHHH.mjs:16:39663)
    at TS (https://framerusercontent.com/sites/3qj9pd0NmnsAtRanWBtHBG/chunk-C2QFHHHH.mjs:16:34665)
    at Jd (https://framerusercontent.com/sites/3qj9pd0NmnsAtRanWBtHBG/chunk-C2QFHHHH.mjs:9:21489)
    at MessagePort.Xd (https://framerusercontent.com/sites/3qj9pd0NmnsAtRanWBtHBG/chunk-C2QFHHHH.mjs:9:21883) 
    at Suspense
    at Hz (https://framerusercontent.com/sites/3qj9pd0NmnsAtRanWBtHBG/chunk-C2QFHHHH.mjs:720:67428)
    at hg (https://framerusercontent.com/sites/3qj9pd0NmnsAtRanWBtHBG/chunk-C2QFHHHH.mjs:722:646)
    at qM (https://framerusercontent.com/sites/3qj9pd0NmnsAtRanWBtHBG/chunk-C2QFHHHH.mjs:16:88531)
    at eB (https://framerusercontent.com/sites/3qj9pd0NmnsAtRanWBtHBG/chunk-C2QFHHHH.mjs:724:18982)
    at https://framerusercontent.com/sites/3qj9pd0NmnsAtRanWBtHBG/chunk-C2QFHHHH.mjs:724:305
    at https://framerusercontent.com/sites/3qj9pd0NmnsAtRanWBtHBG/chunk-C2QFHHHH.mjs:722:3900
    at dB (https://framerusercontent.com/sites/3qj9pd0NmnsAtRanWBtHBG/chunk-C2QFHHHH.mjs:724:26343)
    at Z0 (https://framerusercontent.com/sites/3qj9pd0NmnsAtRanWBtHBG/chunk-C2QFHHHH.mjs:9:1704)
    at sU (https://framerusercontent.com/sites/3qj9pd0NmnsAtRanWBtHBG/chunk-C2QFHHHH.mjs:724:26653)
    at x4 (https://framerusercontent.com/sites/3qj9pd0NmnsAtRanWBtHBG/chunk-C2QFHHHH.mjs:724:3996)
    at eH (https://framerusercontent.com/sites/3qj9pd0NmnsAtRanWBtHBG/chunk-C2QFHHHH.mjs:16:93216) @ https://framerusercontent.com/sites/3qj9pd0NmnsAtRanWBtHBG/script_main.USP6XT5B.mjs:0
[      99ms] [WARNING] Recoverable error during hydration. Please check any custom code or code overrides to fix server/client mismatches:
 Error: Minified React error #418; visit https://reactjs.org/docs/error-decoder.html?invariant=418 for the full message or use the non-minified dev environment for full errors and additional helpful warnings.
    at Zh (https://framerusercontent.com/sites/3qj9pd0NmnsAtRanWBtHBG/chunk-C2QFHHHH.mjs:14:4801)
    at pS (https://framerusercontent.com/sites/3qj9pd0NmnsAtRanWBtHBG/chunk-C2QFHHHH.mjs:16:6907)
    at IS (https://framerusercontent.com/sites/3qj9pd0NmnsAtRanWBtHBG/chunk-C2QFHHHH.mjs:16:45691)
    at FS (https://framerusercontent.com/sites/3qj9pd0NmnsAtRanWBtHBG/chunk-C2QFHHHH.mjs:16:39691)
    at iM (https://framerusercontent.com/sites/3qj9pd0NmnsAtRanWBtHBG/chunk-C2QFHHHH.mjs:16:39663)
    at TS (https://framerusercontent.com/sites/3qj9pd0NmnsAtRanWBtHBG/chunk-C2QFHHHH.mjs:16:34665)
    at Jd (https://framerusercontent.com/sites/3qj9pd0NmnsAtRanWBtHBG/chunk-C2QFHHHH.mjs:9:21489)
    at MessagePort.Xd (https://framerusercontent.com/sites/3qj9pd0NmnsAtRanWBtHBG/chunk-C2QFHHHH.mjs:9:21883) 
    at Suspense
    at Hz (https://framerusercontent.com/sites/3qj9pd0NmnsAtRanWBtHBG/chunk-C2QFHHHH.mjs:720:67428)
    at hg (https://framerusercontent.com/sites/3qj9pd0NmnsAtRanWBtHBG/chunk-C2QFHHHH.mjs:722:646)
    at qM (https://framerusercontent.com/sites/3qj9pd0NmnsAtRanWBtHBG/chunk-C2QFHHHH.mjs:16:88531)
    at eB (https://framerusercontent.com/sites/3qj9pd0NmnsAtRanWBtHBG/chunk-C2QFHHHH.mjs:724:18982)
    at https://framerusercontent.com/sites/3qj9pd0NmnsAtRanWBtHBG/chunk-C2QFHHHH.mjs:724:305
    at https://framerusercontent.com/sites/3qj9pd0NmnsAtRanWBtHBG/chunk-C2QFHHHH.mjs:722:3900
    at dB (https://framerusercontent.com/sites/3qj9pd0NmnsAtRanWBtHBG/chunk-C2QFHHHH.mjs:724:26343)
    at Z0 (https://framerusercontent.com/sites/3qj9pd0NmnsAtRanWBtHBG/chunk-C2QFHHHH.mjs:9:1704)
    at sU (https://framerusercontent.com/sites/3qj9pd0NmnsAtRanWBtHBG/chunk-C2QFHHHH.mjs:724:26653)
    at x4 (https://framerusercontent.com/sites/3qj9pd0NmnsAtRanWBtHBG/chunk-C2QFHHHH.mjs:724:3996)
    at eH (https://framerusercontent.com/sites/3qj9pd0NmnsAtRanWBtHBG/chunk-C2QFHHHH.mjs:16:93216) @ https://framerusercontent.com/sites/3qj9pd0NmnsAtRanWBtHBG/script_main.USP6XT5B.mjs:0
[      99ms] [WARNING] Recoverable error during hydration. Please check any custom code or code overrides to fix server/client mismatches:
 Error: Minified React error #423; visit https://reactjs.org/docs/error-decoder.html?invariant=423 for the full message or use the non-minified dev environment for full errors and additional helpful warnings.
    at IS (https://framerusercontent.com/sites/3qj9pd0NmnsAtRanWBtHBG/chunk-C2QFHHHH.mjs:16:45157)
    at FS (https://framerusercontent.com/sites/3qj9pd0NmnsAtRanWBtHBG/chunk-C2QFHHHH.mjs:16:39691)
    at rM (https://framerusercontent.com/sites/3qj9pd0NmnsAtRanWBtHBG/chunk-C2QFHHHH.mjs:16:39619)
    at Oc (https://framerusercontent.com/sites/3qj9pd0NmnsAtRanWBtHBG/chunk-C2QFHHHH.mjs:16:39473)
    at hp (https://framerusercontent.com/sites/3qj9pd0NmnsAtRanWBtHBG/chunk-C2QFHHHH.mjs:16:35851)
    at TS (https://framerusercontent.com/sites/3qj9pd0NmnsAtRanWBtHBG/chunk-C2QFHHHH.mjs:16:34802)
    at Jd (https://framerusercontent.com/sites/3qj9pd0NmnsAtRanWBtHBG/chunk-C2QFHHHH.mjs:9:21489)
    at MessagePort.Xd (https://framerusercontent.com/sites/3qj9pd0NmnsAtRanWBtHBG/chunk-C2QFHHHH.mjs:9:21883)  @ https://framerusercontent.com/sites/3qj9pd0NmnsAtRanWBtHBG/script_main.USP6XT5B.mjs:0
[     121ms] [ERROR] Access to script at 'https://edit.framer.com/init.mjs' from origin 'http://localhost:8899' has been blocked by CORS policy: No 'Access-Control-Allow-Origin' header is present on the requested resource. @ http://localhost:8899/color/:0
[     121ms] [ERROR] Failed to load resource: net::ERR_FAILED @ https://edit.framer.com/init.mjs:0
[     139ms] [ERROR] TypeError: Failed to fetch dynamically imported module: https://edit.framer.com/init.mjs @ https://framerusercontent.com/sites/3qj9pd0NmnsAtRanWBtHBG/chunk-C2QFHHHH.mjs:15
